// Jest Snapshot v1, https://goo.gl/fbAQLP

exports[`App component renders App 1`] = `
<Fragment>
  <Header />
  <BrowserRouter>
    <Switch>
      <Route
        component={[Function]}
        path="/List/:character"
      />
      <Route
        component={[Function]}
        path="/Details/:_id"
      />
      <Route
        component={[Function]}
        path="/"
      />
    </Switch>
  </BrowserRouter>
  <Footer />
</Fragment>
`;
